.next/dev/types/validator.ts(126,31): error TS2344: Type 'typeof import("E:/Dev/web/legecy-store/src/app/api/admin/orders/[id]/cancel/route")' does not satisfy the constraint 'RouteHandlerConfig<"/api/admin/orders/[id]/cancel">'.
  Types of property 'PATCH' are incompatible.
    Type '(request: Request, { params }: RouteParams) => Promise<NextResponse<{ error: string; }> | NextResponse<Order>>' is not assignable to type '(request: NextRequest, context: { params: Promise<{ id: string; }>; }) => void | Response | Promise<void | Response>'.
      Types of parameters '__1' and 'context' are incompatible.
        Type '{ params: Promise<{ id: string; }>; }' is not assignable to type 'RouteParams'.
          Types of property 'params' are incompatible.
            Property 'id' is missing in type 'Promise<{ id: string; }>' but required in type '{ id: string; }'.
.next/dev/types/validator.ts(135,31): error TS2344: Type 'typeof import("E:/Dev/web/legecy-store/src/app/api/admin/orders/[id]/deliver/route")' does not satisfy the constraint 'RouteHandlerConfig<"/api/admin/orders/[id]/deliver">'.
  Types of property 'PATCH' are incompatible.
    Type '(request: Request, { params }: RouteParams) => Promise<NextResponse<Order> | NextResponse<{ error: string; }>>' is not assignable to type '(request: NextRequest, context: { params: Promise<{ id: string; }>; }) => void | Response | Promise<void | Response>'.
      Types of parameters '__1' and 'context' are incompatible.
        Type '{ params: Promise<{ id: string; }>; }' is not assignable to type 'RouteParams'.
          Types of property 'params' are incompatible.
            Property 'id' is missing in type 'Promise<{ id: string; }>' but required in type '{ id: string; }'.
.next/dev/types/validator.ts(144,31): error TS2344: Type 'typeof import("E:/Dev/web/legecy-store/src/app/api/admin/orders/[id]/pay/route")' does not satisfy the constraint 'RouteHandlerConfig<"/api/admin/orders/[id]/pay">'.
  Types of property 'PATCH' are incompatible.
    Type '(request: Request, { params }: RouteParams) => Promise<NextResponse<Order> | NextResponse<{ error: string; }>>' is not assignable to type '(request: NextRequest, context: { params: Promise<{ id: string; }>; }) => void | Response | Promise<void | Response>'.
      Types of parameters '__1' and 'context' are incompatible.
        Type '{ params: Promise<{ id: string; }>; }' is not assignable to type 'RouteParams'.
          Types of property 'params' are incompatible.
            Property 'id' is missing in type 'Promise<{ id: string; }>' but required in type '{ id: string; }'.
.next/dev/types/validator.ts(153,31): error TS2344: Type 'typeof import("E:/Dev/web/legecy-store/src/app/api/admin/orders/[id]/ship/route")' does not satisfy the constraint 'RouteHandlerConfig<"/api/admin/orders/[id]/ship">'.
  Types of property 'PATCH' are incompatible.
    Type '(request: Request, { params }: RouteParams) => Promise<NextResponse<Order> | NextResponse<{ error: string; }>>' is not assignable to type '(request: NextRequest, context: { params: Promise<{ id: string; }>; }) => void | Response | Promise<void | Response>'.
      Types of parameters '__1' and 'context' are incompatible.
        Type '{ params: Promise<{ id: string; }>; }' is not assignable to type 'RouteParams'.
          Types of property 'params' are incompatible.
            Property 'id' is missing in type 'Promise<{ id: string; }>' but required in type '{ id: string; }'.
.next/dev/types/validator.ts(162,31): error TS2344: Type 'typeof import("E:/Dev/web/legecy-store/src/app/api/orders/[id]/route")' does not satisfy the constraint 'RouteHandlerConfig<"/api/orders/[id]">'.
  Types of property 'GET' are incompatible.
    Type '(request: Request, { params }: RouteParams) => Promise<NextResponse<Order> | NextResponse<{ error: string; }>>' is not assignable to type '(request: NextRequest, context: { params: Promise<{ id: string; }>; }) => void | Response | Promise<void | Response>'.
      Types of parameters '__1' and 'context' are incompatible.
        Type '{ params: Promise<{ id: string; }>; }' is not assignable to type 'RouteParams'.
          Types of property 'params' are incompatible.
            Property 'id' is missing in type 'Promise<{ id: string; }>' but required in type '{ id: string; }'.
.next/types/validator.ts(126,31): error TS2344: Type 'typeof import("E:/Dev/web/legecy-store/src/app/api/admin/orders/[id]/cancel/route")' does not satisfy the constraint 'RouteHandlerConfig<"/api/admin/orders/[id]/cancel">'.
  Types of property 'PATCH' are incompatible.
    Type '(request: Request, { params }: RouteParams) => Promise<NextResponse<{ error: string; }> | NextResponse<Order>>' is not assignable to type '(request: NextRequest, context: { params: Promise<{ id: string; }>; }) => void | Response | Promise<void | Response>'.
      Types of parameters '__1' and 'context' are incompatible.
        Type '{ params: Promise<{ id: string; }>; }' is not assignable to type 'RouteParams'.
          Types of property 'params' are incompatible.
            Property 'id' is missing in type 'Promise<{ id: string; }>' but required in type '{ id: string; }'.
.next/types/validator.ts(135,31): error TS2344: Type 'typeof import("E:/Dev/web/legecy-store/src/app/api/admin/orders/[id]/deliver/route")' does not satisfy the constraint 'RouteHandlerConfig<"/api/admin/orders/[id]/deliver">'.
  Types of property 'PATCH' are incompatible.
    Type '(request: Request, { params }: RouteParams) => Promise<NextResponse<Order> | NextResponse<{ error: string; }>>' is not assignable to type '(request: NextRequest, context: { params: Promise<{ id: string; }>; }) => void | Response | Promise<void | Response>'.
      Types of parameters '__1' and 'context' are incompatible.
        Type '{ params: Promise<{ id: string; }>; }' is not assignable to type 'RouteParams'.
          Types of property 'params' are incompatible.
            Property 'id' is missing in type 'Promise<{ id: string; }>' but required in type '{ id: string; }'.
.next/types/validator.ts(144,31): error TS2344: Type 'typeof import("E:/Dev/web/legecy-store/src/app/api/admin/orders/[id]/pay/route")' does not satisfy the constraint 'RouteHandlerConfig<"/api/admin/orders/[id]/pay">'.
  Types of property 'PATCH' are incompatible.
    Type '(request: Request, { params }: RouteParams) => Promise<NextResponse<Order> | NextResponse<{ error: string; }>>' is not assignable to type '(request: NextRequest, context: { params: Promise<{ id: string; }>; }) => void | Response | Promise<void | Response>'.
      Types of parameters '__1' and 'context' are incompatible.
        Type '{ params: Promise<{ id: string; }>; }' is not assignable to type 'RouteParams'.
          Types of property 'params' are incompatible.
            Property 'id' is missing in type 'Promise<{ id: string; }>' but required in type '{ id: string; }'.
.next/types/validator.ts(153,31): error TS2344: Type 'typeof import("E:/Dev/web/legecy-store/src/app/api/admin/orders/[id]/ship/route")' does not satisfy the constraint 'RouteHandlerConfig<"/api/admin/orders/[id]/ship">'.
  Types of property 'PATCH' are incompatible.
    Type '(request: Request, { params }: RouteParams) => Promise<NextResponse<Order> | NextResponse<{ error: string; }>>' is not assignable to type '(request: NextRequest, context: { params: Promise<{ id: string; }>; }) => void | Response | Promise<void | Response>'.
      Types of parameters '__1' and 'context' are incompatible.
        Type '{ params: Promise<{ id: string; }>; }' is not assignable to type 'RouteParams'.
          Types of property 'params' are incompatible.
            Property 'id' is missing in type 'Promise<{ id: string; }>' but required in type '{ id: string; }'.
.next/types/validator.ts(162,31): error TS2344: Type 'typeof import("E:/Dev/web/legecy-store/src/app/api/orders/[id]/route")' does not satisfy the constraint 'RouteHandlerConfig<"/api/orders/[id]">'.
  Types of property 'GET' are incompatible.
    Type '(request: Request, { params }: RouteParams) => Promise<NextResponse<Order> | NextResponse<{ error: string; }>>' is not assignable to type '(request: NextRequest, context: { params: Promise<{ id: string; }>; }) => void | Response | Promise<void | Response>'.
      Types of parameters '__1' and 'context' are incompatible.
        Type '{ params: Promise<{ id: string; }>; }' is not assignable to type 'RouteParams'.
          Types of property 'params' are incompatible.
            Property 'id' is missing in type 'Promise<{ id: string; }>' but required in type '{ id: string; }'.
